// Vitest Snapshot v1, https://vitest.dev/guide/snapshot.html

exports[`MdiAlphaLBoxOutline snapshot 1`] = `
"<svg width="24" height="24" viewBox="0 0 24 24">
  <path d="M9,7H11V15H15V17H9V7M5,3H19A2,2 0 0,1 21,5V19A2,2 0 0,1 19,21H5A2,2 0 0,1 3,19V5A2,2 0 0,1 5,3M5,5V19H19V5H5Z" style="fill: currentColor;"></path>
</svg>"
`;
