// Vitest Snapshot v1, https://vitest.dev/guide/snapshot.html

exports[`MdiArrowTopLeft snapshot 1`] = `
"<svg width="24" height="24" viewBox="0 0 24 24">
  <path d="M19,17.59L17.59,19L7,8.41V15H5V5H15V7H8.41L19,17.59Z" style="fill: currentColor;"></path>
</svg>"
`;
