// Vitest Snapshot v1, https://vitest.dev/guide/snapshot.html

exports[`MdiArchiveArrowUp snapshot 1`] = `
"<svg width="24" height="24" viewBox="0 0 24 24">
  <path d="M4 21H20V8H4M14 15V18H10V15H7L12 10L17 15M3 3H21V7H3" style="fill: currentColor;"></path>
</svg>"
`;
