// Vitest Snapshot v1, https://vitest.dev/guide/snapshot.html

exports[`MdiAlignVerticalTop snapshot 1`] = `
"<svg width="24" height="24" viewBox="0 0 24 24">
  <path d="M22 2V4H2V2H22M7 22H10V6H7V22M14 16H17V6H14V16Z" style="fill: currentColor;"></path>
</svg>"
`;
