// Vitest Snapshot v1, https://vitest.dev/guide/snapshot.html

exports[`MdiAlphaZ snapshot 1`] = `
"<svg width="24" height="24" viewBox="0 0 24 24">
  <path d="M9,7V9H13L9,15V17H15V15H11L15,9V7H9Z" style="fill: currentColor;"></path>
</svg>"
`;
