// Vitest Snapshot v1, https://vitest.dev/guide/snapshot.html

exports[`MdiArrowUp snapshot 1`] = `
"<svg width="24" height="24" viewBox="0 0 24 24">
  <path d="M13,20H11V8L5.5,13.5L4.08,12.08L12,4.16L19.92,12.08L18.5,13.5L13,8V20Z" style="fill: currentColor;"></path>
</svg>"
`;
