// Vitest Snapshot v1, https://vitest.dev/guide/snapshot.html

exports[`MdiAlphaH snapshot 1`] = `
"<svg width="24" height="24" viewBox="0 0 24 24">
  <path d="M9,7V17H11V13H13V17H15V7H13V11H11V7H9Z" style="fill: currentColor;"></path>
</svg>"
`;
