// Vitest Snapshot v1, https://vitest.dev/guide/snapshot.html

exports[`MdiAlert snapshot 1`] = `
"<svg width="24" height="24" viewBox="0 0 24 24">
  <path d="M13 14H11V9H13M13 18H11V16H13M1 21H23L12 2L1 21Z" style="fill: currentColor;"></path>
</svg>"
`;
