// Vitest Snapshot v1, https://vitest.dev/guide/snapshot.html

exports[`MdiArrowDown snapshot 1`] = `
"<svg width="24" height="24" viewBox="0 0 24 24">
  <path d="M11,4H13V16L18.5,10.5L19.92,11.92L12,19.84L4.08,11.92L5.5,10.5L11,16V4Z" style="fill: currentColor;"></path>
</svg>"
`;
