// Vitest Snapshot v1, https://vitest.dev/guide/snapshot.html

exports[`MdiAlphaL snapshot 1`] = `
"<svg width="24" height="24" viewBox="0 0 24 24">
  <path d="M9,7V17H15V15H11V7H9Z" style="fill: currentColor;"></path>
</svg>"
`;
