// Vitest Snapshot v1, https://vitest.dev/guide/snapshot.html

exports[`MdiAlphaN snapshot 1`] = `
"<svg width="24" height="24" viewBox="0 0 24 24">
  <path d="M9,7V17H11V12L13,17H15V7H13V12L11,7H9Z" style="fill: currentColor;"></path>
</svg>"
`;
