// Vitest Snapshot v1, https://vitest.dev/guide/snapshot.html

exports[`MdiArrowBottomRight snapshot 1`] = `
"<svg width="24" height="24" viewBox="0 0 24 24">
  <path d="M5,6.41L6.41,5L17,15.59V9H19V19H9V17H15.59L5,6.41Z" style="fill: currentColor;"></path>
</svg>"
`;
