// Vitest Snapshot v1, https://vitest.dev/guide/snapshot.html

exports[`MdiChessRook snapshot 1`] = `
"<svg width="24" height="24" viewBox="0 0 24 24">
  <path d="M5,20H19V22H5V20M17,2V5H15V2H13V5H11V2H9V5H7V2H5V8H7V18H17V8H19V2H17Z" style="fill: currentColor;"></path>
</svg>"
`;
