// Vitest Snapshot v1, https://vitest.dev/guide/snapshot.html

exports[`MdiChartAreasplineVariant snapshot 1`] = `
"<svg width="24" height="24" viewBox="0 0 24 24">
  <path d="M22,21H2V3H4V15.54L9.5,6L16,9.78L20.24,2.45L21.97,3.45L22,21Z" style="fill: currentColor;"></path>
</svg>"
`;
