// Vitest Snapshot v1, https://vitest.dev/guide/snapshot.html

exports[`MdiCurrencyEth snapshot 1`] = `
"<svg width="24" height="24" viewBox="0 0 24 24">
  <path d="M6,5H18V7H6M7,11H17V13H7M5.5,17H18.5V19H5.5" style="fill: currentColor;"></path>
</svg>"
`;
