// Vitest Snapshot v1, https://vitest.dev/guide/snapshot.html

exports[`MdiDownload snapshot 1`] = `
"<svg width="24" height="24" viewBox="0 0 24 24">
  <path d="M5,20H19V18H5M19,9H15V3H9V9H5L12,16L19,9Z" style="fill: currentColor;"></path>
</svg>"
`;
