// Vitest Snapshot v1, https://vitest.dev/guide/snapshot.html

exports[`MdiDoor snapshot 1`] = `
"<svg width="24" height="24" viewBox="0 0 24 24">
  <path d="M8,3C6.89,3 6,3.89 6,5V21H18V5C18,3.89 17.11,3 16,3H8M8,5H16V19H8V5M13,11V13H15V11H13Z" style="fill: currentColor;"></path>
</svg>"
`;
