// Vitest Snapshot v1, https://vitest.dev/guide/snapshot.html

exports[`MdiFormatPilcrow snapshot 1`] = `
"<svg width="24" height="24" viewBox="0 0 24 24">
  <path d="M10,11A4,4 0 0,1 6,7A4,4 0 0,1 10,3H18V5H16V21H14V5H12V21H10V11Z" style="fill: currentColor;"></path>
</svg>"
`;
