// Vitest Snapshot v1, https://vitest.dev/guide/snapshot.html

exports[`MdiFlashOutline snapshot 1`] = `
"<svg width="24" height="24" viewBox="0 0 24 24">
  <path d="M7,2H17L13.5,9H17L10,22V14H7V2M9,4V12H12V14.66L14,11H10.24L13.76,4H9Z" style="fill: currentColor;"></path>
</svg>"
`;
