// Vitest Snapshot v1, https://vitest.dev/guide/snapshot.html

exports[`MdiGlassStange snapshot 1`] = `
"<svg width="24" height="24" viewBox="0 0 24 24">
  <path d="M8,2H16V22H8V2M10,4V7H14V4H10Z" style="fill: currentColor;"></path>
</svg>"
`;
