// Vitest Snapshot v1, https://vitest.dev/guide/snapshot.html

exports[`MdiMoonNew snapshot 1`] = `
"<svg width="24" height="24" viewBox="0 0 24 24">
  <path d="M12 20A8 8 0 1 1 20 12A8 8 0 0 1 12 20M12 2A10 10 0 1 0 22 12A10 10 0 0 0 12 2Z" style="fill: currentColor;"></path>
</svg>"
`;
