// Vitest Snapshot v1, https://vitest.dev/guide/snapshot.html

exports[`MdiMapMarkerDown snapshot 1`] = `
"<svg width="24" height="24" viewBox="0 0 24 24">
  <path d="M12 2A7 7 0 0 0 5 9C5 14.25 12 22 12 22S19 14.25 19 9A7 7 0 0 0 12 2M7.5 10H10V5H14V10H16.5L12 14.5Z" style="fill: currentColor;"></path>
</svg>"
`;
