// Vitest Snapshot v1, https://vitest.dev/guide/snapshot.html

exports[`MdiMusicRestWhole snapshot 1`] = `
"<svg width="24" height="24" viewBox="0 0 24 24">
  <path d="M18 10H16V14H8V10H6V9H18V10Z" style="fill: currentColor;"></path>
</svg>"
`;
