// Vitest Snapshot v1, https://vitest.dev/guide/snapshot.html

exports[`MdiNetworkStrength3 snapshot 1`] = `
"<svg width="24" height="24" viewBox="0 0 24 24">
  <path d="M1,21H21V1M19,5.83V19H16V8.83" style="fill: currentColor;"></path>
</svg>"
`;
