// Vitest Snapshot v1, https://vitest.dev/guide/snapshot.html

exports[`MdiNail snapshot 1`] = `
"<svg width="24" height="24" viewBox="0 0 24 24">
  <path d="M13.5,5V16L12,22L10.5,16V5H13.5M17,2H7V4H17V2Z" style="fill: currentColor;"></path>
</svg>"
`;
