// Vitest Snapshot v1, https://vitest.dev/guide/snapshot.html

exports[`MdiPlaylistPlay snapshot 1`] = `
"<svg width="24" height="24" viewBox="0 0 24 24">
  <path d="M3 10H14V12H3V10M3 6H14V8H3V6M3 14H10V16H3V14M16 13V21L22 17L16 13Z" style="fill: currentColor;"></path>
</svg>"
`;
