// Vitest Snapshot v1, https://vitest.dev/guide/snapshot.html

exports[`MdiRelationOneOrManyToMany snapshot 1`] = `
"<svg width="24" height="24" viewBox="0 0 24 24">
  <path d="M22 13V19H21L19 17H11V9H7V11H5V9L3 11H2V5H3L5 7V5H7V7H13V15H19L21 13Z" style="fill: currentColor;"></path>
</svg>"
`;
