// Vitest Snapshot v1, https://vitest.dev/guide/snapshot.html

exports[`MdiSquareOff snapshot 1`] = `
"<svg width="24" height="24" viewBox="0 0 24 24">
  <path d="M20.84 22.73L19.11 21H3V4.89L1.11 3L2.39 1.73L22.11 21.46L20.84 22.73M21 3H6.2L21 17.8V3Z" style="fill: currentColor;"></path>
</svg>"
`;
