// Vitest Snapshot v1, https://vitest.dev/guide/snapshot.html

exports[`MdiSpear snapshot 1`] = `
"<svg width="24" height="24" viewBox="0 0 24 24">
  <path d="M16 9H16.41L3.41 22L2 20.59L15 7.59V9H16M16 4V8H20L22 2L16 4Z" style="fill: currentColor;"></path>
</svg>"
`;
