// Vitest Snapshot v1, https://vitest.dev/guide/snapshot.html

exports[`MdiShoeHeel snapshot 1`] = `
"<svg width="24" height="24" viewBox="0 0 24 24">
  <path d="M3,18H11.7L17,14H18V18H20V14C20,14 21,12 21,10C21,8 20.5,6 20.5,6H18.5L18,7L10,14H8L3,16V18Z" style="fill: currentColor;"></path>
</svg>"
`;
