// Vitest Snapshot v1, https://vitest.dev/guide/snapshot.html

exports[`MdiSignal snapshot 1`] = `
"<svg width="24" height="24" viewBox="0 0 24 24">
  <path d="M3,21H6V18H3M8,21H11V14H8M13,21H16V9H13M18,21H21V3H18V21Z" style="fill: currentColor;"></path>
</svg>"
`;
