// Vitest Snapshot v1, https://vitest.dev/guide/snapshot.html

exports[`MdiTriangleSmallDown snapshot 1`] = `
"<svg width="24" height="24" viewBox="0 0 24 24">
  <path d="M8 9H16L12 16" style="fill: currentColor;"></path>
</svg>"
`;
