// Vitest Snapshot v1, https://vitest.dev/guide/snapshot.html

exports[`MdiToyBrick snapshot 1`] = `
"<svg width="24" height="24" viewBox="0 0 24 24">
  <path d="M19 6V5A2 2 0 0 0 17 3H15A2 2 0 0 0 13 5V6H11V5A2 2 0 0 0 9 3H7A2 2 0 0 0 5 5V6H3V20H21V6Z" style="fill: currentColor;"></path>
</svg>"
`;
