// Vitest Snapshot v1, https://vitest.dev/guide/snapshot.html

exports[`MdiThermometerHigh snapshot 1`] = `
"<svg width="24" height="24" viewBox="0 0 24 24">
  <path d="M15 13V5A3 3 0 0 0 9 5V13A5 5 0 1 0 15 13M12 4A1 1 0 0 1 13 5H11A1 1 0 0 1 12 4Z" style="fill: currentColor;"></path>
</svg>"
`;
