// Vitest Snapshot v1, https://vitest.dev/guide/snapshot.html

exports[`MdiUpload snapshot 1`] = `
"<svg width="24" height="24" viewBox="0 0 24 24">
  <path d="M9,16V10H5L12,3L19,10H15V16H9M5,20V18H19V20H5Z" style="fill: currentColor;"></path>
</svg>"
`;
