// Vitest Snapshot v1, https://vitest.dev/guide/snapshot.html

exports[`MdiViewStream snapshot 1`] = `
"<svg width="24" height="24" viewBox="0 0 24 24">
  <path d="M4,5V11H21V5M4,18H21V12H4V18Z" style="fill: currentColor;"></path>
</svg>"
`;
