// Vitest Snapshot v1, https://vitest.dev/guide/snapshot.html

exports[`MdiViewSequentialOutline snapshot 1`] = `
"<svg width="24" height="24" viewBox="0 0 24 24">
  <path d="M3 5V19H21V5H3M19 7V9H5V7H19M19 11V13H5V11H19M5 17V15H19V17H5Z" style="fill: currentColor;"></path>
</svg>"
`;
