// Vitest Snapshot v1, https://vitest.dev/guide/snapshot.html

exports[`MdiViewQuilt snapshot 1`] = `
"<svg width="24" height="24" viewBox="0 0 24 24">
  <path d="M10,5V11H21V5M16,18H21V12H16M4,18H9V5H4M10,18H15V12H10V18Z" style="fill: currentColor;"></path>
</svg>"
`;
