// Vitest Snapshot v1, https://vitest.dev/guide/snapshot.html

exports[`MdiViewArrayOutline snapshot 1`] = `
"<svg width="24" height="24" viewBox="0 0 24 24">
  <path d="M15 7V16H10V7H15M21 5H18V18H21V5M17 5H8V18H17V5M7 5H4V18H7V5Z" style="fill: currentColor;"></path>
</svg>"
`;
