// Vitest Snapshot v1, https://vitest.dev/guide/snapshot.html

exports[`MdiWrapDisabled snapshot 1`] = `
"<svg width="24" height="24" viewBox="0 0 24 24">
  <path d="M16,7H3V5H16V7M3,19H16V17H3V19M22,12L18,9V11H3V13H18V15L22,12Z" style="fill: currentColor;"></path>
</svg>"
`;
